// Jest Snapshot v1, https://goo.gl/fbAQLP

exports[`Component is mounted properly 1`] = `
<div class="cds-card">
  <div>
    <p class="cds-card__title">
      Card title
    </p>
    <p class="cds-card__description">
      Card description
    </p>
  </div>
  <div class="cds-card__action">
    See more
  </div>
</div>
`;
