// Jest Snapshot v1, https://goo.gl/fbAQLP

exports[`Component is mounted properly 1`] = `
<div id="inner-tabs">
  <ul class="inner-tabs__header">
    <li role="presentation"><a role="tab" href="javascript:void(0)" target="_self" class="inner-tabs__tab inner-tabs__tab--active">
        Dummy title 1
      </a>
      <div class="tab__indicator--active" style="--indicatorColor: #2AC092;"></div>
    </li>
    <li role="presentation"><a role="tab" href="javascript:void(0)" target="_self" class="inner-tabs__tab inner-tabs__tab--inactive">
        Dummy title 2
      </a>
      <div class="" style="--indicatorColor: #2AC092;"></div>
    </li>
    <li role="presentation"><a role="tab" href="javascript:void(0)" target="_self" class="inner-tabs__tab inner-tabs__tab--inactive">
        Dummy title 3
      </a>
      <div class="" style="--indicatorColor: #2AC092;"></div>
    </li>
    <li role="presentation"><a role="tab" href="javascript:void(0)" target="_self" class="inner-tabs__tab inner-tabs__tab--inactive">
        Dummy title 4
      </a>
      <div class="" style="--indicatorColor: #2AC092;"></div>
    </li>
  </ul>
  <hr class="inner-tabs__divider">
  <div class="inner-tabs__content">
    <div role="tabpanel" class="content__pane content__pane--active"></div>
    <div role="tabpanel" class="content__pane content__pane--inactive"></div>
    <div role="tabpanel" class="content__pane content__pane--inactive"></div>
    <div role="tabpanel" class="content__pane content__pane--inactive"></div>
  </div>
</div>
`;
