// Jest Snapshot v1, https://goo.gl/fbAQLP

exports[`Component is mounted properly 1`] = `<div class="skeleton__container" style="--width: 300px; --height: 20px;"></div>`;
