// Vitest Snapshot v1, https://vitest.dev/guide/snapshot.html

exports[`Spacer snapshot test > renders correctly 1`] = `
"<div data-v-f9290560="" class="box--gray">
  <!--
		Evento emitido quando o wrapper é clicado
		@event cds-click
		@type {Event}
	-->
  <div data-v-f9290560="" class="clickable__container--not-clickable box__container">
    <!-- @slot Slot utilizado para renderização do conteúdo interno do Box.-->
    <div data-v-9cc3ee57="" data-v-f9290560="" class="spacer">
      <div style="width: 100px; height: 100px; background-color: rgb(42, 192, 146); border-radius: 20px;"></div>
    </div>
  </div>
</div>"
`;
