// Vitest Snapshot v1, https://vitest.dev/guide/snapshot.html

exports[`DonutChart > renders correctly 1`] = `"<span data-v-2c35dc11=""><div data-v-2c35dc11="" class="responsive-container"><doughnut-stub data-v-2c35dc11="" data="[object Object]" options="[object Object]" plugins="" datasetidkey="label"></doughnut-stub></div></span>"`;
