// Vitest Snapshot v1

exports[`Highlight > renders correctly 1`] = `
"<mark data-v-eddeabb9=\\"\\" class=\\"highlight__container highlight__container--success\\" style=\\"--duration: 1s; --delay: 0s;\\">
  <!-- @slot Slot usado para especificar o texto que receberÃ¡ o highlight. -->Texto
</mark>"
`;
