// Vitest Snapshot v1, https://vitest.dev/guide/snapshot.html

exports[`Spacer snapshot test > renders correctly 1`] = `"<!--v-if-->"`;
