// Vitest Snapshot v1, https://vitest.dev/guide/snapshot.html

exports[`TextArea > renders correctly 1`] = `
"<div id="text-area">
  <div data-v-82c69faf="">
    <!--v-if--><label data-v-c1eb01da="" data-v-82c69faf="" class="label"><span data-v-c1eb01da="" class="label__content">Label <!--v-if--><!--v-if--></span>
      <!--v-if-->
    </label>
    <div data-v-82c69faf="" class="base-input base-input--default">
      <!--v-if--><textarea data-v-82c69faf="" id="cds-base-input-textarea-text-area" placeholder="Digite aqui a descriÃ§Ã£o" class="base-input__field" type="textarea"></textarea>
      <!--v-if-->
      <!--v-if-->
    </div>
    <!--v-if-->
    <!--v-if-->
  </div>
</div>"
`;
